05:45:22Z [warmup] ds_error_rate=NaN% (>5%? no)  p99=NODATAs (>0.3s? ?)  http_5xx_rate=NODATA%
05:45:38Z [warmup] ds_error_rate=NaN% (>5%? no)  p99=NODATAs (>0.3s? ?)  http_5xx_rate=NODATA%
05:45:53Z [warmup] ds_error_rate=0% (>5%? no)  p99=0.2455s (>0.3s? no)  http_5xx_rate=NODATA%
05:46:09Z [warmup] ds_error_rate=0% (>5%? no)  p99=0.2455s (>0.3s? no)  http_5xx_rate=NODATA%
FAULT_START=2026-08-30T05:46:25Z
05:46:25Z [fault] ds_error_rate=0% (>5%? no)  p99=0.24517647058823533s (>0.3s? no)  http_5xx_rate=NODATA%
05:46:41Z [fault] ds_error_rate=0% (>5%? no)  p99=0.24517647058823533s (>0.3s? no)  http_5xx_rate=NODATA%
05:46:57Z [fault] ds_error_rate=0% (>5%? no)  p99=0.24485416666666665s (>0.3s? no)  http_5xx_rate=NODATA%
05:47:12Z [fault] ds_error_rate=0% (>5%? no)  p99=0.24485416666666665s (>0.3s? no)  http_5xx_rate=NODATA%
05:47:28Z [fault] ds_error_rate=4.245283018867925% (>5%? no)  p99=0.73s (>0.3s? SI)  http_5xx_rate=NODATA%
05:47:44Z [fault] ds_error_rate=4.245283018867925% (>5%? no)  p99=0.73s (>0.3s? SI)  http_5xx_rate=NODATA%
05:48:00Z [fault] ds_error_rate=13.533834586466165% (>5%? SI)  p99=0.7484134615384614s (>0.3s? SI)  http_5xx_rate=NODATA%
05:48:15Z [fault] ds_error_rate=13.533834586466165% (>5%? SI)  p99=0.7484134615384614s (>0.3s? SI)  http_5xx_rate=NODATA%
05:48:31Z [fault] ds_error_rate=21.95121951219512% (>5%? SI)  p99=0.7473376623376624s (>0.3s? SI)  http_5xx_rate=NODATA%
05:48:47Z [fault] ds_error_rate=25.641025641025635% (>5%? SI)  p99=0.7475s (>0.3s? SI)  http_5xx_rate=NODATA%
05:49:02Z [fault] ds_error_rate=25.641025641025635% (>5%? SI)  p99=0.7475s (>0.3s? SI)  http_5xx_rate=NODATA%
05:49:18Z [fault] ds_error_rate=30.37974683544304% (>5%? SI)  p99=0.7474999999999999s (>0.3s? SI)  http_5xx_rate=NODATA%
05:49:34Z [fault] ds_error_rate=30.37974683544304% (>5%? SI)  p99=0.7474999999999999s (>0.3s? SI)  http_5xx_rate=NODATA%
05:49:50Z [fault] ds_error_rate=26.25% (>5%? SI)  p99=0.7475s (>0.3s? SI)  http_5xx_rate=NODATA%
05:50:06Z [fault] ds_error_rate=26.25% (>5%? SI)  p99=0.7475s (>0.3s? SI)  http_5xx_rate=NODATA%
05:50:21Z [fault] ds_error_rate=23.75% (>5%? SI)  p99=0.7475s (>0.3s? SI)  http_5xx_rate=NODATA%
05:50:37Z [fault] ds_error_rate=23.75% (>5%? SI)  p99=0.7475s (>0.3s? SI)  http_5xx_rate=NODATA%
05:50:53Z [fault] ds_error_rate=27.5% (>5%? SI)  p99=0.7475s (>0.3s? SI)  http_5xx_rate=NODATA%
05:51:09Z [fault] ds_error_rate=27.5% (>5%? SI)  p99=0.7475s (>0.3s? SI)  http_5xx_rate=NODATA%
05:51:25Z [fault] ds_error_rate=30.8641975308642% (>5%? SI)  p99=0.7475s (>0.3s? SI)  http_5xx_rate=NODATA%
05:51:40Z [fault] ds_error_rate=30.8641975308642% (>5%? SI)  p99=0.7475s (>0.3s? SI)  http_5xx_rate=NODATA%
05:51:56Z [fault] ds_error_rate=28.749999999999996% (>5%? SI)  p99=0.7475s (>0.3s? SI)  http_5xx_rate=NODATA%
05:52:12Z [fault] ds_error_rate=28.749999999999996% (>5%? SI)  p99=0.7475s (>0.3s? SI)  http_5xx_rate=NODATA%
05:52:28Z [fault] ds_error_rate=31.64556962025317% (>5%? SI)  p99=0.7474999999999999s (>0.3s? SI)  http_5xx_rate=NODATA%
05:52:43Z [fault] ds_error_rate=31.64556962025317% (>5%? SI)  p99=0.7474999999999999s (>0.3s? SI)  http_5xx_rate=NODATA%
05:52:59Z [fault] ds_error_rate=27.5% (>5%? SI)  p99=0.7475s (>0.3s? SI)  http_5xx_rate=NODATA%
05:53:15Z [fault] ds_error_rate=27.5% (>5%? SI)  p99=0.7475s (>0.3s? SI)  http_5xx_rate=NODATA%
05:53:30Z [fault] ds_error_rate=20.000000000000004% (>5%? SI)  p99=0.7475s (>0.3s? SI)  http_5xx_rate=NODATA%
